Microchip MPLAB XC8 Compiler V1.41 ()

Linker command line:

--edf=C:\Program Files (x86)\Microchip\xc8\v1.41\dat\en_msgs.txt -cs \
  -h+dist/default/production\src.production.sym \
  --cmf=dist/default/production\src.production.cmf -z -Q16F877A \
  -oC:\Users\PC\AppData\Local\Temp\s4a4.2 \
  -Mdist/default/production/src.production.map -E1 -ver=XC8 \
  -ASTACK=0110h-016fh -pstack=STACK -ACODE=00h-07FFhx4 -ASTRCODE=00h-01FFFh \
  -ASTRING=00h-0FFhx32 -ACONST=00h-0FFhx32 -AENTRY=00h-0FFhx32 \
  -ACOMMON=070h-07Fh -ABANK0=020h-06Fh -ABANK1=0A0h-0EFh \
  -ABANK2=0110h-016Fh -ABANK3=0190h-01EFh \
  -ARAM=020h-06Fh,0A0h-0EFh,0110h-016Fh,0190h-01EFh \
  -AABS1=020h-07Fh,0A0h-0EFh,0110h-016Fh,0190h-01EFh -ASFR0=00h-01Fh \
  -ASFR1=080h-09Fh -ASFR2=0100h-010Fh -ASFR3=0180h-018Fh \
  -preset_vec=00h,intentry,init,end_init -ppowerup=CODE -pcinit=CODE \
  -pfunctab=CODE -ACONFIG=02007h-02007h -pconfig=CONFIG -DCONFIG=2 \
  -AIDLOC=02000h-02003h -pidloc=IDLOC -DIDLOC=2 -AEEDATA=00h-0FFh/02100h \
  -peeprom_data=EEDATA -DEEDATA=2 -DCODE=2 -DSTRCODE=2 -DSTRING=2 -DCONST=2 \
  -DENTRY=2 -k C:\Users\PC\AppData\Local\Temp\s4a4.obj \
  dist/default/production\src.production.obj 

Object code version is 3.11

Machine type is 16F877A



                Name                               Link     Load   Length Selector   Space Scale
C:\Users\PC\AppData\Local\Temp\s4a4.obj
                end_init                              0        0        3        0       0
                config                             2007     2007        1     400E       0
dist/default/production\src.production.obj
                cinit                               7E7      7E7       19      FCE       0
                text11                              359      359       56      6B2       0
                text10                              310      310       49      620       0
                text9                               406      406       62      80C       0
                text8                               222      222        9      444       0
                text7                               23C      23C       26      478       0
                text6                               3AF      3AF       57      75E       0
                text5                               6E8      6E8       FF      DD0       0
                text4                               294      294       3C      528       0
                text3                               262      262       32      4C4       0
                text2                               53A      53A       D4      A74       0
                text1                               60E      60E       DA      C1C       0
                maintext                            468      468       D2      8D0       0
                cstackBANK0                          20       20       50       20       1
                cstackCOMMON                         70       70        E       70       1
                cstackBANK1                          CF       CF        3       A0       1
                clrtext                             21A      21A        8      434       0
                inittext                            22B      22B       11      456       0
                dataBANK3                           190      190       40      190       1
                bssBANK1                             A0       A0       2F       A0       1
                strings                               3        3       A0        6       0
                idataBANK3                          2D0      2D0       40      5A0       0

TOTAL           Name                               Link     Load   Length     Space
        CLASS   STACK          

        CLASS   CODE           
                end_init                              0        0        3         0
                cinit                               7E7      7E7       19         0
                text11                              359      359       56         0
                text10                              310      310       49         0
                text9                               406      406       62         0
                text8                               222      222        9         0
                text7                               23C      23C       26         0
                text6                               3AF      3AF       57         0
                text5                               6E8      6E8       FF         0
                text4                               294      294       3C         0
                text3                               262      262       32         0
                text2                               53A      53A       D4         0
                text1                               60E      60E       DA         0
                maintext                            468      468       D2         0
                clrtext                             21A      21A        8         0
                inittext                            22B      22B       11         0
                idataBANK3                          2D0      2D0       40         0

        CLASS   STRCODE        

        CLASS   STRING         
                strings                               3        3       A0         0

        CLASS   CONST          

        CLASS   ENTRY          

        CLASS   COMMON         
                cstackCOMMON                         70       70        E         1

        CLASS   BANK0          
                cstackBANK0                          20       20       50         1

        CLASS   BANK1          
                cstackBANK1                          CF       CF        3         1
                bssBANK1                             A0       A0       2F         1

        CLASS   BANK2          

        CLASS   BANK3          
                dataBANK3                           190      190       40         1

        CLASS   RAM            

        CLASS   ABS1           
                abs_s1                               7E       7E        2         1

        CLASS   SFR0           

        CLASS   SFR1           

        CLASS   SFR2           

        CLASS   SFR3           

        CLASS   CONFIG         
                config                             2007     2007        1         0

        CLASS   IDLOC          

        CLASS   EEDATA         



SEGMENTS        Name                           Load    Length   Top    Selector   Space  Class     Delta

                reset_vec                      000000  000003  000003         0       0  CODE        2
                strings                        000003  0000A0  0000A3         6       0  STRING      2
                cstackBANK0                    000020  000050  000070        20       1  BANK0       1
                cstackCOMMON                   000070  00000E  00007E        70       1  COMMON      1
                bssBANK1                       0000A0  000032  0000D2        A0       1  BANK1       1
                dataBANK3                      000190  000040  0001D0       190       1  BANK3       1
                clrtext                        00021A  000008  000222       434       0  CODE        2
                text8                          000222  000009  00022B       444       0  CODE        2
                inittext                       00022B  000011  00023C       456       0  CODE        2
                text7                          00023C  000026  000262       478       0  CODE        2
                text3                          000262  000032  000294       4C4       0  CODE        2
                text4                          000294  00003C  0002D0       528       0  CODE        2
                idataBANK3                     0002D0  000040  000310       5A0       0  CODE        2
                text10                         000310  000049  000359       620       0  CODE        2
                text11                         000359  000056  0003AF       6B2       0  CODE        2
                text6                          0003AF  000057  000406       75E       0  CODE        2
                text9                          000406  000062  000468       80C       0  CODE        2
                maintext                       000468  0000D2  00053A       8D0       0  CODE        2
                text2                          00053A  0000D4  00060E       A74       0  CODE        2
                text1                          00060E  0000DA  0006E8       C1C       0  CODE        2
                text5                          0006E8  0000FF  0007E7       DD0       0  CODE        2
                cinit                          0007E7  000019  000800       FCE       0  CODE        2
                config                         002007  000001  002008      400E       0  CONFIG      2


UNUSED ADDRESS RANGES

        Name                Unused          Largest block    Delta
        BANK1            00D2-00EF             1E           1
        BANK2            0110-016F             60           1
        BANK3            01D0-01EF             20           1
        CODE             00A3-0219            177           2
                         0800-1FFF            800
        CONST            00A3-0219            100           2
                         0800-1FFF            100
        EEDATA           2100-21FF            100           2
        ENTRY            00A3-0219            100           2
                         0800-1FFF            100
        IDLOC            2000-2003              4           2
        RAM              00D2-00EF             1E           1
                         0110-016F             60
                         01D0-01EF             20
        SFR0             0000-001F             20           1
        SFR1             0080-009F             20           1
        SFR2             0100-010F             10           1
        SFR3             0180-018F             10           1
        STACK            0110-016F             60           1
        STRCODE          00A3-0219            177           2
                         0800-1FFF           1800
        STRING           00A3-0219            100           2
                         0800-1FFF            100

                                  Symbol Table

?___lwdiv                     cstackCOMMON 0070
?___lwmod                     cstackCOMMON 0078
?_sprintf                     cstackBANK0  0020
LCDBusyLoop@busy              cstackCOMMON 0072
LCDBusyLoop@status            cstackCOMMON 0074
LCDBusyLoop@temp              cstackCOMMON 0073
LCDByte@c                     cstackCOMMON 007A
LCDByte@hn                    cstackCOMMON 0078
LCDByte@isdata                cstackCOMMON 0075
LCDByte@ln                    cstackCOMMON 0079
LCDByte@temp                  cstackCOMMON 007B
LCDGotoXY@x                   cstackBANK0  0020
LCDGotoXY@y                   cstackCOMMON 007C
LCDInit@__i                   cstackBANK0  0021
LCDInit@style                 cstackBANK0  0020
LCDWriteInt@F1170             bssBANK1     00C8
LCDWriteString@cc             cstackBANK0  0021
LCDWriteString@msg            cstackCOMMON 007C
_LCDBusyLoop                  text11       0359
_LCDByte                      text10       0310
_LCDGotoXY                    text7        023C
_LCDInit                      text9        0406
_LCDWriteString               text6        03AF
_PORTAbits                    (abs)        0005
_PORTCbits                    (abs)        0007
_PORTD                        (abs)        0008
_PORTDbits                    (abs)        0008
_RB2                          (abs)        0032
_RB3                          (abs)        0033
_RD4                          (abs)        0044
_T1CKPS0                      (abs)        0084
_TMR1H                        (abs)        000F
_TMR1L                        (abs)        000E
_TMR1ON                       (abs)        0080
_TRISAbits                    (abs)        0085
_TRISBbits                    (abs)        0086
_TRISCbits                    (abs)        0087
_TRISD                        (abs)        0088
_TRISDbits                    (abs)        0088
__CFG_BOREN$ON                (abs)        0000
__CFG_CP$OFF                  (abs)        0000
__CFG_CPD$OFF                 (abs)        0000
__CFG_FOSC$HS                 (abs)        0000
__CFG_LVP$OFF                 (abs)        0000
__CFG_PWRTE$ON                (abs)        0000
__CFG_WDTE$OFF                (abs)        0000
__CFG_WRT$OFF                 (abs)        0000
__Habs1                       abs1         0000
__Hbank0                      bank0        0000
__Hbank1                      bank1        0000
__Hbank2                      bank2        0000
__Hbank3                      bank3        0000
__HbssBANK1                   bssBANK1     0000
__Hcinit                      cinit        0800
__Hclrtext                    clrtext      0000
__Hcode                       code         0000
__Hcommon                     common       0000
__Hconfig                     config       2008
__HcstackBANK0                cstackBANK0  0000
__HcstackBANK1                cstackBANK1  0000
__HcstackCOMMON               cstackCOMMON 0000
__HdataBANK3                  dataBANK3    0000
__Heeprom_data                eeprom_data  0000
__Hend_init                   end_init     0003
__Hfunctab                    functab      0000
__HidataBANK3                 idataBANK3   0000
__Hidloc                      idloc        0000
__Hinit                       init         0000
__Hinittext                   inittext     0000
__Hintentry                   intentry     0000
__Hmaintext                   maintext     0000
__Hpowerup                    powerup      0000
__Hram                        ram          0000
__Hreset_vec                  reset_vec    0000
__Hsfr0                       sfr0         0000
__Hsfr1                       sfr1         0000
__Hsfr2                       sfr2         0000
__Hsfr3                       sfr3         0000
__Hspace_0                    (abs)        2008
__Hspace_1                    (abs)        01D0
__Hspace_2                    (abs)        0000
__Hspace_3                    (abs)        0000
__Hstack                      stack        0000
__Hstrings                    strings      0000
__Htext                       text         0000
__Labs1                       abs1         0000
__Lbank0                      bank0        0000
__Lbank1                      bank1        0000
__Lbank2                      bank2        0000
__Lbank3                      bank3        0000
__LbssBANK1                   bssBANK1     0000
__Lcinit                      cinit        07E7
__Lclrtext                    clrtext      0000
__Lcode                       code         0000
__Lcommon                     common       0000
__Lconfig                     config       2007
__LcstackBANK0                cstackBANK0  0000
__LcstackBANK1                cstackBANK1  0000
__LcstackCOMMON               cstackCOMMON 0000
__LdataBANK3                  dataBANK3    0000
__Leeprom_data                eeprom_data  0000
__Lend_init                   end_init     0000
__Lfunctab                    functab      0000
__LidataBANK3                 idataBANK3   0000
__Lidloc                      idloc        0000
__Linit                       init         0000
__Linittext                   inittext     0000
__Lintentry                   intentry     0000
__Lmaintext                   maintext     0000
__Lpowerup                    powerup      0000
__Lram                        ram          0000
__Lreset_vec                  reset_vec    0000
__Lsfr0                       sfr0         0000
__Lsfr1                       sfr1         0000
__Lsfr2                       sfr2         0000
__Lsfr3                       sfr3         0000
__Lspace_0                    (abs)        0000
__Lspace_1                    (abs)        0000
__Lspace_2                    (abs)        0000
__Lspace_3                    (abs)        0000
__Lstack                      stack        0000
__Lstrings                    strings      0000
__Ltext                       text         0000
__S0                          (abs)        2008
__S1                          (abs)        01D0
__S2                          (abs)        0000
__S3                          (abs)        0000
___cgram                      dataBANK3    0190
___int_sp                     stack        0000
___latbits                    (abs)        0002
___lwdiv                      text4        0294
___lwdiv@counter              cstackCOMMON 0077
___lwdiv@dividend             cstackCOMMON 0072
___lwdiv@divisor              cstackCOMMON 0070
___lwdiv@quotient             cstackCOMMON 0075
___lwmod                      text3        0262
___lwmod@counter              cstackCOMMON 007D
___lwmod@dividend             cstackCOMMON 007A
___lwmod@divisor              cstackCOMMON 0078
___sp                         stack        0000
__end_of_LCDBusyLoop          text11       03AF
__end_of_LCDByte              text10       0359
__end_of_LCDGotoXY            text7        0262
__end_of_LCDInit              text9        0468
__end_of_LCDWriteString       text6        0406
__end_of___lwdiv              text4        02D0
__end_of___lwmod              text3        0294
__end_of__initialization      cinit        07FC
__end_of__stringtab           strings      0013
__end_of_button_click         text8        022B
__end_of_dht11_measurement    text5        07E7
__end_of_dpowers              strings      001D
__end_of_main                 maintext     053A
__end_of_sprintf              text2        060E
__end_of_start_measurement    text1        06E8
__initialization              cinit        07E7
__pbssBANK1                   bssBANK1     00A0
__pcstackBANK0                cstackBANK0  0020
__pcstackBANK1                cstackBANK1  00CF
__pcstackCOMMON               cstackCOMMON 0070
__pdataBANK3                  dataBANK3    0190
__pidataBANK3                 idataBANK3   02D0
__pmaintext                   maintext     0468
__pstrings                    strings      0003
__ptext1                      text1        060E
__ptext10                     text10       0310
__ptext11                     text11       0359
__ptext2                      text2        053A
__ptext3                      text3        0262
__ptext4                      text4        0294
__ptext5                      text5        06E8
__ptext6                      text6        03AF
__ptext7                      text7        023C
__ptext8                      text8        0222
__ptext9                      text9        0406
__size_of_LCDBusyLoop         (abs)        0000
__size_of_LCDByte             (abs)        0000
__size_of_LCDGotoXY           (abs)        0000
__size_of_LCDInit             (abs)        0000
__size_of_LCDWriteString      (abs)        0000
__size_of___lwdiv             (abs)        0000
__size_of___lwmod             (abs)        0000
__size_of_button_click        (abs)        0000
__size_of_dht11_measurement   (abs)        0000
__size_of_main                (abs)        0000
__size_of_sprintf             (abs)        0000
__size_of_start_measurement   (abs)        0000
__stringbase                  strings      0012
__stringtab                   strings      0003
_button_click                 text8        0222
_dht11_data                   bssBANK1     00A0
_dht11_measurement            text5        06E8
_dht11_rh                     bssBANK1     00CE
_dht11_temp                   bssBANK1     00CD
_dpowers                      strings      0013
_main                         maintext     0468
_sprintf                      text2        053A
_start_measurement            text1        060E
btemp                         (abs)        007E
clear_ram0                    clrtext      021A
dht11_measurement@counter     cstackCOMMON 0075
dht11_measurement@i           cstackCOMMON 0074
dht11_measurement@i_254       cstackCOMMON 0076
dht11_measurement@i_256       cstackCOMMON 0077
dht11_measurement@i_257       cstackCOMMON 0078
dht11_measurement@time        cstackCOMMON 0079
end_of_initialization         cinit        07FC
init_fetch0                   inittext     022B
init_ram0                     inittext     022F
intlevel0                     functab      0000
intlevel1                     functab      0000
intlevel2                     functab      0000
intlevel3                     functab      0000
intlevel4                     functab      0000
intlevel5                     functab      0000
reset_vec                     reset_vec    0000
sprintf@ap                    cstackBANK0  0026
sprintf@c                     cstackBANK0  002C
sprintf@f                     cstackBANK0  0020
sprintf@flag                  cstackBANK0  0027
sprintf@prec                  cstackBANK0  0028
sprintf@sp                    cstackBANK0  002B
sprintf@val                   cstackBANK0  0029
stackhi                       (abs)        0000
stacklo                       (abs)        0000
start                         init         0000
start_initialization          cinit        07E7
start_measurement@humidity    cstackBANK0  0050
start_measurement@temperature cstackBANK0  0030
wtemp0                        (abs)        007E


FUNCTION INFORMATION:

 *************** function _main *****************
 Defined at:
		line 34 in file "main.c"
 Parameters:    Size  Location     Type
		None
 Auto vars:     Size  Location     Type
		None
 Return value:  Size  Location     Type
                  1    wreg      void 
 Registers used:
		wreg, fsr0l, fsr0h, status,2, status,0, btemp+1, pclath, cstack
 Tracked objects:
		On entry : 
		On exit  : 
		Unchanged: 
 Data sizes:     COMMON   BANK0   BANK1   BANK3   BANK2
      Params:         0       0       0       0       0
      Locals:         0       0       0       0       0
      Temps:          0       0       3       0       0
      Totals:         0       0       3       0       0
Total ram usage:        3 bytes
 Hardware stack levels required when called:    4
 This function calls:
		_LCDByte
		_LCDGotoXY
		_LCDInit
		_LCDWriteString
		_button_click
		_start_measurement
 This function is called by:
		Startup code after reset
 This function uses a non-reentrant model


 *************** function _start_measurement *****************
 Defined at:
		line 75 in file "main.c"
 Parameters:    Size  Location     Type
		None
 Auto vars:     Size  Location     Type
  humidity       32   48[BANK0 ] unsigned char [32]
  temperature    32   16[BANK0 ] unsigned char [32]
 Return value:  Size  Location     Type
                  1    wreg      void 
 Registers used:
		wreg, fsr0l, fsr0h, status,2, status,0, btemp+1, pclath, cstack
 Tracked objects:
		On entry : 
		On exit  : 
		Unchanged: 
 Data sizes:     COMMON   BANK0   BANK1   BANK3   BANK2
      Params:         0       0       0       0       0
      Locals:         0      64       0       0       0
      Temps:          0       3       0       0       0
      Totals:         0      67       0       0       0
Total ram usage:       67 bytes
 Hardware stack levels used:    1
 Hardware stack levels required when called:    3
 This function calls:
		_LCDByte
		_LCDGotoXY
		_LCDWriteString
		_dht11_measurement
		_sprintf
 This function is called by:
		_main
 This function uses a non-reentrant model


 *************** function _sprintf *****************
 Defined at:
		line 492 in file "C:\Program Files (x86)\Microchip\xc8\v1.41\sources\common\doprnt.c"
 Parameters:    Size  Location     Type
  sp              1    wreg     PTR unsigned char 
		 -> start_measurement@humidity(32), start_measurement@temperature(32), 
  f               1    0[BANK0 ] PTR const unsigned char 
		 -> STR_10(13), STR_9(10), 
 Auto vars:     Size  Location     Type
  sp              1   11[BANK0 ] PTR unsigned char 
		 -> start_measurement@humidity(32), start_measurement@temperature(32), 
  tmpval          4    0        struct .
  val             2    9[BANK0 ] unsigned int 
  cp              2    0        PTR const unsigned char 
  len             2    0        unsigned int 
  c               1   12[BANK0 ] char 
  prec            1    8[BANK0 ] char 
  flag            1    7[BANK0 ] unsigned char 
  ap              1    6[BANK0 ] PTR void [1]
		 -> ?_sprintf(2), 
 Return value:  Size  Location     Type
                  2    0[BANK0 ] int 
 Registers used:
		wreg, fsr0l, fsr0h, status,2, status,0, btemp+1, pclath, cstack
 Tracked objects:
		On entry : 
		On exit  : 
		Unchanged: 
 Data sizes:     COMMON   BANK0   BANK1   BANK3   BANK2
      Params:         0       3       0       0       0
      Locals:         0       7       0       0       0
      Temps:          0       3       0       0       0
      Totals:         0      13       0       0       0
Total ram usage:       13 bytes
 Hardware stack levels used:    1
 Hardware stack levels required when called:    1
 This function calls:
		___lwdiv
		___lwmod
 This function is called by:
		_start_measurement
 This function uses a non-reentrant model


 *************** function ___lwmod *****************
 Defined at:
		line 6 in file "C:\Program Files (x86)\Microchip\xc8\v1.41\sources\common\lwmod.c"
 Parameters:    Size  Location     Type
  divisor         2    8[COMMON] unsigned int 
  dividend        2   10[COMMON] unsigned int 
 Auto vars:     Size  Location     Type
  counter         1   13[COMMON] unsigned char 
 Return value:  Size  Location     Type
                  2    8[COMMON] unsigned int 
 Registers used:
		wreg, status,2, status,0
 Tracked objects:
		On entry : 
		On exit  : 
		Unchanged: 
 Data sizes:     COMMON   BANK0   BANK1   BANK3   BANK2
      Params:         4       0       0       0       0
      Locals:         1       0       0       0       0
      Temps:          1       0       0       0       0
      Totals:         6       0       0       0       0
Total ram usage:        6 bytes
 Hardware stack levels used:    1
 This function calls:
		Nothing
 This function is called by:
		_sprintf
 This function uses a non-reentrant model


 *************** function ___lwdiv *****************
 Defined at:
		line 6 in file "C:\Program Files (x86)\Microchip\xc8\v1.41\sources\common\lwdiv.c"
 Parameters:    Size  Location     Type
  divisor         2    0[COMMON] unsigned int 
  dividend        2    2[COMMON] unsigned int 
 Auto vars:     Size  Location     Type
  quotient        2    5[COMMON] unsigned int 
  counter         1    7[COMMON] unsigned char 
 Return value:  Size  Location     Type
                  2    0[COMMON] unsigned int 
 Registers used:
		wreg, status,2, status,0
 Tracked objects:
		On entry : 
		On exit  : 
		Unchanged: 
 Data sizes:     COMMON   BANK0   BANK1   BANK3   BANK2
      Params:         4       0       0       0       0
      Locals:         3       0       0       0       0
      Temps:          1       0       0       0       0
      Totals:         8       0       0       0       0
Total ram usage:        8 bytes
 Hardware stack levels used:    1
 This function calls:
		Nothing
 This function is called by:
		_sprintf
 This function uses a non-reentrant model


 *************** function _dht11_measurement *****************
 Defined at:
		line 135 in file "main.c"
 Parameters:    Size  Location     Type
		None
 Auto vars:     Size  Location     Type
  time            2    9[COMMON] unsigned int 
  i               1    8[COMMON] unsigned char 
  i               1    7[COMMON] unsigned char 
  i               1    6[COMMON] unsigned char 
  i               1    4[COMMON] unsigned char 
  counter         1    5[COMMON] unsigned char 
 Return value:  Size  Location     Type
                  1    wreg      unsigned char 
 Registers used:
		wreg, fsr0l, fsr0h, status,2, status,0, btemp+1
 Tracked objects:
		On entry : 
		On exit  : 
		Unchanged: 
 Data sizes:     COMMON   BANK0   BANK1   BANK3   BANK2
      Params:         0       0       0       0       0
      Locals:         7       0       0       0       0
      Temps:          4       0       0       0       0
      Totals:        11       0       0       0       0
Total ram usage:       11 bytes
 Hardware stack levels used:    1
 This function calls:
		Nothing
 This function is called by:
		_start_measurement
 This function uses a non-reentrant model


 *************** function _LCDWriteString *****************
 Defined at:
		line 196 in file "pic16_lcd_library.c"
 Parameters:    Size  Location     Type
  msg             2   12[COMMON] PTR const unsigned char 
		 -> start_measurement@humidity(32), start_measurement@temperature(32), STR_8(16), STR_7(7), 
		 -> STR_6(8), STR_5(16), STR_4(16), STR_3(17), 
		 -> STR_2(16), STR_1(15), 
 Auto vars:     Size  Location     Type
  cc              1    1[BANK0 ] char 
 Return value:  Size  Location     Type
                  1    wreg      void 
 Registers used:
		wreg, fsr0l, fsr0h, status,2, status,0, btemp+1, pclath, cstack
 Tracked objects:
		On entry : 
		On exit  : 
		Unchanged: 
 Data sizes:     COMMON   BANK0   BANK1   BANK3   BANK2
      Params:         2       0       0       0       0
      Locals:         0       1       0       0       0
      Temps:          0       1       0       0       0
      Totals:         2       2       0       0       0
Total ram usage:        4 bytes
 Hardware stack levels used:    1
 Hardware stack levels required when called:    2
 This function calls:
		_LCDByte
 This function is called by:
		_main
		_start_measurement
 This function uses a non-reentrant model


 *************** function _LCDGotoXY *****************
 Defined at:
		line 307 in file "pic16_lcd_library.c"
 Parameters:    Size  Location     Type
  x               1    wreg     unsigned char 
  y               1   12[COMMON] unsigned char 
 Auto vars:     Size  Location     Type
  x               1    0[BANK0 ] unsigned char 
 Return value:  Size  Location     Type
                  1    wreg      void 
 Registers used:
		wreg, fsr0l, fsr0h, status,2, status,0, pclath, cstack
 Tracked objects:
		On entry : 
		On exit  : 
		Unchanged: 
 Data sizes:     COMMON   BANK0   BANK1   BANK3   BANK2
      Params:         1       0       0       0       0
      Locals:         0       1       0       0       0
      Temps:          1       0       0       0       0
      Totals:         2       1       0       0       0
Total ram usage:        3 bytes
 Hardware stack levels used:    1
 Hardware stack levels required when called:    2
 This function calls:
		_LCDByte
 This function is called by:
		_main
		_start_measurement
 This function uses a non-reentrant model


 *************** function _button_click *****************
 Defined at:
		line 122 in file "main.c"
 Parameters:    Size  Location     Type
		None
 Auto vars:     Size  Location     Type
		None
 Return value:  Size  Location     Type
                  1    wreg      unsigned char 
 Registers used:
		wreg
 Tracked objects:
		On entry : 
		On exit  : 
		Unchanged: 
 Data sizes:     COMMON   BANK0   BANK1   BANK3   BANK2
      Params:         0       0       0       0       0
      Locals:         0       0       0       0       0
      Temps:          0       0       0       0       0
      Totals:         0       0       0       0       0
Total ram usage:        0 bytes
 Hardware stack levels used:    1
 This function calls:
		Nothing
 This function is called by:
		_main
 This function uses a non-reentrant model


 *************** function _LCDInit *****************
 Defined at:
		line 138 in file "pic16_lcd_library.c"
 Parameters:    Size  Location     Type
  style           1    wreg     unsigned char 
 Auto vars:     Size  Location     Type
  style           1    0[BANK0 ] unsigned char 
  __i             1    1[BANK0 ] unsigned char 
 Return value:  Size  Location     Type
                  1    wreg      void 
 Registers used:
		wreg, fsr0l, fsr0h, status,2, status,0, pclath, cstack
 Tracked objects:
		On entry : 
		On exit  : 
		Unchanged: 
 Data sizes:     COMMON   BANK0   BANK1   BANK3   BANK2
      Params:         0       0       0       0       0
      Locals:         0       2       0       0       0
      Temps:          2       0       0       0       0
      Totals:         2       2       0       0       0
Total ram usage:        4 bytes
 Hardware stack levels used:    1
 Hardware stack levels required when called:    2
 This function calls:
		_LCDBusyLoop
		_LCDByte
 This function is called by:
		_main
 This function uses a non-reentrant model


 *************** function _LCDByte *****************
 Defined at:
		line 34 in file "pic16_lcd_library.c"
 Parameters:    Size  Location     Type
  c               1    wreg     unsigned char 
  isdata          1    5[COMMON] unsigned char 
 Auto vars:     Size  Location     Type
  c               1   10[COMMON] unsigned char 
  temp            1   11[COMMON] unsigned char 
  ln              1    9[COMMON] unsigned char 
  hn              1    8[COMMON] unsigned char 
 Return value:  Size  Location     Type
                  1    wreg      void 
 Registers used:
		wreg, status,2, status,0, pclath, cstack
 Tracked objects:
		On entry : 
		On exit  : 
		Unchanged: 
 Data sizes:     COMMON   BANK0   BANK1   BANK3   BANK2
      Params:         1       0       0       0       0
      Locals:         4       0       0       0       0
      Temps:          2       0       0       0       0
      Totals:         7       0       0       0       0
Total ram usage:        7 bytes
 Hardware stack levels used:    1
 Hardware stack levels required when called:    1
 This function calls:
		_LCDBusyLoop
 This function is called by:
		_main
		_start_measurement
		_LCDInit
		_LCDWriteString
		_LCDGotoXY
		_LCDWriteInt
 This function uses a non-reentrant model


 *************** function _LCDBusyLoop *****************
 Defined at:
		line 83 in file "pic16_lcd_library.c"
 Parameters:    Size  Location     Type
		None
 Auto vars:     Size  Location     Type
  status          1    4[COMMON] unsigned char 
  temp            1    3[COMMON] unsigned char 
  busy            1    2[COMMON] unsigned char 
 Return value:  Size  Location     Type
                  1    wreg      void 
 Registers used:
		wreg, status,2, status,0
 Tracked objects:
		On entry : 
		On exit  : 
		Unchanged: 
 Data sizes:     COMMON   BANK0   BANK1   BANK3   BANK2
      Params:         0       0       0       0       0
      Locals:         3       0       0       0       0
      Temps:          2       0       0       0       0
      Totals:         5       0       0       0       0
Total ram usage:        5 bytes
 Hardware stack levels used:    1
 This function calls:
		Nothing
 This function is called by:
		_LCDByte
		_LCDInit
 This function uses a non-reentrant model



MODULE INFORMATION

Module		Function		Class		Link	Load	Size
C:\Program Files (x86)\Microchip\xc8\v1.41\sources\common\lwdiv.c
		___lwdiv       		CODE           	0294	0000	61

C:\Program Files (x86)\Microchip\xc8\v1.41\sources\common\lwdiv.c estimated size: 61

C:\Program Files (x86)\Microchip\xc8\v1.41\sources\common\doprnt.c
		_sprintf       		CODE           	053A	0000	213

C:\Program Files (x86)\Microchip\xc8\v1.41\sources\common\doprnt.c estimated size: 213

pic16_lcd_library.c
		_LCDByte       		CODE           	0310	0000	74
		_LCDInit       		CODE           	0406	0000	99
		_LCDWriteString		CODE           	03AF	0000	88
		_LCDGotoXY     		CODE           	023C	0000	39
		_LCDBusyLoop   		CODE           	0359	0000	87

pic16_lcd_library.c estimated size: 387

shared
		__stringtab    		STRING         	0003	0000	17
		_dpowers       		STRING         	0013	0000	11
		__initialization		CODE           	07E7	0000	22

shared estimated size: 50

C:\Program Files (x86)\Microchip\xc8\v1.41\sources\common\lwmod.c
		___lwmod       		CODE           	0262	0000	51

C:\Program Files (x86)\Microchip\xc8\v1.41\sources\common\lwmod.c estimated size: 51

main.c
		_dht11_measurement		CODE           	06E8	0000	256
		_main          		CODE           	0468	0000	211
		_start_measurement		CODE           	060E	0000	219
		_button_click  		CODE           	0222	0000	10

main.c estimated size: 696

